// Jest Snapshot v1, https://goo.gl/fbAQLP

exports[`<App /> App snapshot 1`] = `
<body>
  <div>
    <main>
      <h3>
        Newest post from your favorite influencer!
      </h3>
      <button>
        Login
      </button>
      <section>
        <button>
          Show User
        </button>
      </section>
    </main>
  </div>
</body>
`;
